// Vitest Snapshot v1, https://vitest.dev/guide/snapshot.html

exports[`AddButton > should render without crashing 1`] = `
<div>
  <div
    aria-label="add shape"
    class="flex items-center justify-center cursor-pointer bg-white rounded-full w-[50px] h-[50px] mx-auto undefined"
    role="button"
  >
    <svg
      aria-hidden="true"
      class="text-blue-600"
      fill="currentColor"
      height="40px"
      stroke="currentColor"
      stroke-width="0"
      viewBox="0 0 24 24"
      width="40px"
      xmlns="http://www.w3.org/2000/svg"
    >
      <path
        clip-rule="evenodd"
        d="M12 2.25c-5.385 0-9.75 4.365-9.75 9.75s4.365 9.75 9.75 9.75 9.75-4.365 9.75-9.75S17.385 2.25 12 2.25zM12.75 9a.75.75 0 00-1.5 0v2.25H9a.75.75 0 000 1.5h2.25V15a.75.75 0 001.5 0v-2.25H15a.75.75 0 000-1.5h-2.25V9z"
        fill-rule="evenodd"
      />
    </svg>
  </div>
</div>
`;
